// Jest Snapshot v1, https://goo.gl/fbAQLP

exports[`render correctly 1`] = `
<div
  className="components-panel"
>
  <div
    className="components-panel__body is-opened"
  >
    <h2
      className="components-panel__body-title"
    >
      <button
        aria-expanded={true}
        className="components-button components-panel__body-toggle"
        onClick={[Function]}
        type="button"
      >
        <span
          aria-hidden="true"
        >
          <svg
            aria-hidden={true}
            className="components-panel__arrow"
            focusable={false}
            height={24}
            role="img"
            viewBox="0 0 24 24"
            width={24}
            xmlns="http://www.w3.org/2000/svg"
          >
            <path
              d="M12 8l-6 5.4 1 1.2 5-4.6 5 4.6 1-1.2z"
            />
          </svg>
        </span>
        Settings
        <svg
          aria-hidden={true}
          className="components-panel__icon"
          focusable={false}
          height={20}
          role="img"
          viewBox="0 0 24 24"
          width={20}
          xmlns="http://www.w3.org/2000/svg"
        >
          <path
            d="M18.4 12c0-.5 0-.9-.1-1.3l1.4-1.3-1.5-2.8-1.8.6c-.6-.6-1.4-1-2.2-1.3L13.8 4h-3l-.4 1.9c-.8.3-1.5.8-2.1 1.3l-1.8-.6L5 9.4l1.4 1.3c-.1.4-.1.9-.1 1.3s0 .9.1 1.3L5 14.6l1.5 2.8 1.8-.6c.6.6 1.4 1 2.2 1.3l.4 1.9h3l.4-1.9c.8-.3 1.5-.7 2.2-1.3l1.8.6 1.5-2.8-1.4-1.3c-.1-.4 0-.8 0-1.3zm-6.1 3.2c-1.7 0-3-1.4-3-3.2 0-1.8 1.4-3.2 3-3.2 1.7 0 3 1.4 3 3.2.1 1.8-1.3 3.2-3 3.2z"
          />
        </svg>
      </button>
    </h2>
    <div
      className="components-panel__row"
    >
      <div
        className="components-base-control select"
      >
        <div
          className="components-base-control__field"
        >
          <label
            className="components-base-control__label"
            htmlFor="inspector-select-control-0"
          >
            Sort navigation:
          </label>
          <select
            className="components-select-control__input"
            id="inspector-select-control-0"
            multiple={false}
            onChange={[Function]}
          >
            <option
              value="az"
            >
              Alphabetically (A-Z)
            </option>
            <option
              value="za"
            >
              Alphabetically (Z-A)
            </option>
            <option
              value="high-low"
            >
              Most Popular
            </option>
            <option
              value="low-high"
            >
              Least Popular
            </option>
          </select>
        </div>
      </div>
    </div>
    <div
      className="components-panel__row"
    >
      <div
        className="components-base-control select"
      >
        <div
          className="components-base-control__field"
        >
          <label
            className="components-base-control__label"
            htmlFor="inspector-select-control-1"
          >
            Sort cards:
          </label>
          <select
            className="components-select-control__input"
            id="inspector-select-control-1"
            multiple={false}
            onChange={[Function]}
          >
            <option
              value="az"
            >
              Alphabetically (A-Z)
            </option>
            <option
              value="za"
            >
              Alphabetically (Z-A)
            </option>
            <option
              value="popular"
            >
              Most Popular
            </option>
            <option
              value="reusable"
            >
              Reusable First
            </option>
          </select>
        </div>
      </div>
    </div>
    <h4>
      Show/hide block types
    </h4>
    <div
      className="components-base-control"
    >
      <div
        className="components-base-control__field"
      >
        <span
          className="components-checkbox-control__input-container"
        >
          <input
            className="components-checkbox-control__input"
            id="inspector-checkbox-control-0"
            onChange={[Function]}
            type="checkbox"
            value="1"
          />
        </span>
        <label
          className="components-checkbox-control__label"
          htmlFor="inspector-checkbox-control-0"
        >
          Show core blocks
        </label>
      </div>
    </div>
  </div>
</div>
`;
