// Jest Snapshot v1, https://goo.gl/fbAQLP

exports[`render correctly 1`] = `
Array [
  <input
    className="input"
    onChange={[Function]}
    placeholder="Filter Blocks"
    type="text"
    value=""
  />,
  <div
    className="nav"
  >
    <a
      className="button"
      onClick={[Function]}
    >
      <span
        className="label"
      >
        acf/aquazure_digigen
      </span>
      Found in 5 posts
      <svg
        className="feather feather-arrow-right "
        fill="none"
        height={24}
        stroke="currentColor"
        strokeLinecap="round"
        strokeLinejoin="round"
        strokeWidth="2"
        viewBox="0 0 24 24"
        width={24}
      >
        <g
          dangerouslySetInnerHTML={
            Object {
              "__html": "<line x1=\\"5\\" y1=\\"12\\" x2=\\"19\\" y2=\\"12\\"></line><polyline points=\\"12 5 19 12 12 19\\"></polyline>",
            }
          }
        />
      </svg>
    </a>
    <a
      className="button"
      onClick={[Function]}
    >
      <span
        className="label"
      >
        acf/biohab_aquacine
      </span>
      Found in 3 posts
      <svg
        className="feather feather-arrow-right "
        fill="none"
        height={24}
        stroke="currentColor"
        strokeLinecap="round"
        strokeLinejoin="round"
        strokeWidth="2"
        viewBox="0 0 24 24"
        width={24}
      >
        <g
          dangerouslySetInnerHTML={
            Object {
              "__html": "<line x1=\\"5\\" y1=\\"12\\" x2=\\"19\\" y2=\\"12\\"></line><polyline points=\\"12 5 19 12 12 19\\"></polyline>",
            }
          }
        />
      </svg>
    </a>
    <a
      className="button"
      onClick={[Function]}
    >
      <span
        className="label"
      >
        acf/eplode_bytrex
      </span>
      Found in 11 posts
      <svg
        className="feather feather-arrow-right "
        fill="none"
        height={24}
        stroke="currentColor"
        strokeLinecap="round"
        strokeLinejoin="round"
        strokeWidth="2"
        viewBox="0 0 24 24"
        width={24}
      >
        <g
          dangerouslySetInnerHTML={
            Object {
              "__html": "<line x1=\\"5\\" y1=\\"12\\" x2=\\"19\\" y2=\\"12\\"></line><polyline points=\\"12 5 19 12 12 19\\"></polyline>",
            }
          }
        />
      </svg>
    </a>
    <a
      className="button"
      onClick={[Function]}
    >
      <span
        className="label"
      >
        acf/kenegy_strozen
      </span>
      Found in 16 posts
      <svg
        className="feather feather-arrow-right "
        fill="none"
        height={24}
        stroke="currentColor"
        strokeLinecap="round"
        strokeLinejoin="round"
        strokeWidth="2"
        viewBox="0 0 24 24"
        width={24}
      >
        <g
          dangerouslySetInnerHTML={
            Object {
              "__html": "<line x1=\\"5\\" y1=\\"12\\" x2=\\"19\\" y2=\\"12\\"></line><polyline points=\\"12 5 19 12 12 19\\"></polyline>",
            }
          }
        />
      </svg>
    </a>
    <a
      className="button"
      onClick={[Function]}
    >
      <span
        className="label"
      >
        acf/netropic_equicom
      </span>
      Found in 17 posts
      <svg
        className="feather feather-arrow-right "
        fill="none"
        height={24}
        stroke="currentColor"
        strokeLinecap="round"
        strokeLinejoin="round"
        strokeWidth="2"
        viewBox="0 0 24 24"
        width={24}
      >
        <g
          dangerouslySetInnerHTML={
            Object {
              "__html": "<line x1=\\"5\\" y1=\\"12\\" x2=\\"19\\" y2=\\"12\\"></line><polyline points=\\"12 5 19 12 12 19\\"></polyline>",
            }
          }
        />
      </svg>
    </a>
    <a
      className="button"
      onClick={[Function]}
    >
      <span
        className="label"
      >
        acf/pivitol_apexia
      </span>
      Found in 10 posts
      <svg
        className="feather feather-arrow-right "
        fill="none"
        height={24}
        stroke="currentColor"
        strokeLinecap="round"
        strokeLinejoin="round"
        strokeWidth="2"
        viewBox="0 0 24 24"
        width={24}
      >
        <g
          dangerouslySetInnerHTML={
            Object {
              "__html": "<line x1=\\"5\\" y1=\\"12\\" x2=\\"19\\" y2=\\"12\\"></line><polyline points=\\"12 5 19 12 12 19\\"></polyline>",
            }
          }
        />
      </svg>
    </a>
    <a
      className="button"
      onClick={[Function]}
    >
      <span
        className="label"
      >
        cgb/corporana_geoform
      </span>
      Found in 5 posts
      <svg
        className="feather feather-arrow-right "
        fill="none"
        height={24}
        stroke="currentColor"
        strokeLinecap="round"
        strokeLinejoin="round"
        strokeWidth="2"
        viewBox="0 0 24 24"
        width={24}
      >
        <g
          dangerouslySetInnerHTML={
            Object {
              "__html": "<line x1=\\"5\\" y1=\\"12\\" x2=\\"19\\" y2=\\"12\\"></line><polyline points=\\"12 5 19 12 12 19\\"></polyline>",
            }
          }
        />
      </svg>
    </a>
    <a
      className="button"
      onClick={[Function]}
    >
      <span
        className="label"
      >
        cgb/miracula_exoblue
      </span>
      Found in 10 posts
      <svg
        className="feather feather-arrow-right "
        fill="none"
        height={24}
        stroke="currentColor"
        strokeLinecap="round"
        strokeLinejoin="round"
        strokeWidth="2"
        viewBox="0 0 24 24"
        width={24}
      >
        <g
          dangerouslySetInnerHTML={
            Object {
              "__html": "<line x1=\\"5\\" y1=\\"12\\" x2=\\"19\\" y2=\\"12\\"></line><polyline points=\\"12 5 19 12 12 19\\"></polyline>",
            }
          }
        />
      </svg>
    </a>
    <a
      className="button"
      onClick={[Function]}
    >
      <span
        className="label"
      >
        cgb/obliq_locazone
      </span>
      Found in 20 posts
      <svg
        className="feather feather-arrow-right "
        fill="none"
        height={24}
        stroke="currentColor"
        strokeLinecap="round"
        strokeLinejoin="round"
        strokeWidth="2"
        viewBox="0 0 24 24"
        width={24}
      >
        <g
          dangerouslySetInnerHTML={
            Object {
              "__html": "<line x1=\\"5\\" y1=\\"12\\" x2=\\"19\\" y2=\\"12\\"></line><polyline points=\\"12 5 19 12 12 19\\"></polyline>",
            }
          }
        />
      </svg>
    </a>
    <a
      className="button"
      onClick={[Function]}
    >
      <span
        className="label"
      >
        nba/artiq_verton
      </span>
      Found in 20 posts
      <svg
        className="feather feather-arrow-right "
        fill="none"
        height={24}
        stroke="currentColor"
        strokeLinecap="round"
        strokeLinejoin="round"
        strokeWidth="2"
        viewBox="0 0 24 24"
        width={24}
      >
        <g
          dangerouslySetInnerHTML={
            Object {
              "__html": "<line x1=\\"5\\" y1=\\"12\\" x2=\\"19\\" y2=\\"12\\"></line><polyline points=\\"12 5 19 12 12 19\\"></polyline>",
            }
          }
        />
      </svg>
    </a>
    <a
      className="button"
      onClick={[Function]}
    >
      <span
        className="label"
      >
        nba/fortean_plasto
      </span>
      Found in 10 posts
      <svg
        className="feather feather-arrow-right "
        fill="none"
        height={24}
        stroke="currentColor"
        strokeLinecap="round"
        strokeLinejoin="round"
        strokeWidth="2"
        viewBox="0 0 24 24"
        width={24}
      >
        <g
          dangerouslySetInnerHTML={
            Object {
              "__html": "<line x1=\\"5\\" y1=\\"12\\" x2=\\"19\\" y2=\\"12\\"></line><polyline points=\\"12 5 19 12 12 19\\"></polyline>",
            }
          }
        />
      </svg>
    </a>
    <a
      className="button"
      onClick={[Function]}
    >
      <span
        className="label"
      >
        nba/pearlesex_enaut
      </span>
      Found in 1 post
      <svg
        className="feather feather-arrow-right "
        fill="none"
        height={24}
        stroke="currentColor"
        strokeLinecap="round"
        strokeLinejoin="round"
        strokeWidth="2"
        viewBox="0 0 24 24"
        width={24}
      >
        <g
          dangerouslySetInnerHTML={
            Object {
              "__html": "<line x1=\\"5\\" y1=\\"12\\" x2=\\"19\\" y2=\\"12\\"></line><polyline points=\\"12 5 19 12 12 19\\"></polyline>",
            }
          }
        />
      </svg>
    </a>
    <a
      className="button"
      onClick={[Function]}
    >
      <span
        className="label"
      >
        nba/quility_kineticut
      </span>
      Found in 12 posts
      <svg
        className="feather feather-arrow-right "
        fill="none"
        height={24}
        stroke="currentColor"
        strokeLinecap="round"
        strokeLinejoin="round"
        strokeWidth="2"
        viewBox="0 0 24 24"
        width={24}
      >
        <g
          dangerouslySetInnerHTML={
            Object {
              "__html": "<line x1=\\"5\\" y1=\\"12\\" x2=\\"19\\" y2=\\"12\\"></line><polyline points=\\"12 5 19 12 12 19\\"></polyline>",
            }
          }
        />
      </svg>
    </a>
    <a
      className="button"
      onClick={[Function]}
    >
      <span
        className="label"
      >
        nba/remold_eargo
      </span>
      Found in 5 posts
      <svg
        className="feather feather-arrow-right "
        fill="none"
        height={24}
        stroke="currentColor"
        strokeLinecap="round"
        strokeLinejoin="round"
        strokeWidth="2"
        viewBox="0 0 24 24"
        width={24}
      >
        <g
          dangerouslySetInnerHTML={
            Object {
              "__html": "<line x1=\\"5\\" y1=\\"12\\" x2=\\"19\\" y2=\\"12\\"></line><polyline points=\\"12 5 19 12 12 19\\"></polyline>",
            }
          }
        />
      </svg>
    </a>
  </div>,
]
`;

exports[`sorts the order of the blocks properly 1`] = `
Array [
  <input
    className="input"
    onChange={[Function]}
    placeholder="Filter Blocks"
    type="text"
    value=""
  />,
  <div
    className="nav"
  >
    <a
      className="button"
      onClick={[Function]}
    >
      <span
        className="label"
      >
        acf/aquazure_digigen
      </span>
      Found in 5 posts
      <svg
        className="feather feather-arrow-right "
        fill="none"
        height={24}
        stroke="currentColor"
        strokeLinecap="round"
        strokeLinejoin="round"
        strokeWidth="2"
        viewBox="0 0 24 24"
        width={24}
      >
        <g
          dangerouslySetInnerHTML={
            Object {
              "__html": "<line x1=\\"5\\" y1=\\"12\\" x2=\\"19\\" y2=\\"12\\"></line><polyline points=\\"12 5 19 12 12 19\\"></polyline>",
            }
          }
        />
      </svg>
    </a>
    <a
      className="button"
      onClick={[Function]}
    >
      <span
        className="label"
      >
        acf/biohab_aquacine
      </span>
      Found in 3 posts
      <svg
        className="feather feather-arrow-right "
        fill="none"
        height={24}
        stroke="currentColor"
        strokeLinecap="round"
        strokeLinejoin="round"
        strokeWidth="2"
        viewBox="0 0 24 24"
        width={24}
      >
        <g
          dangerouslySetInnerHTML={
            Object {
              "__html": "<line x1=\\"5\\" y1=\\"12\\" x2=\\"19\\" y2=\\"12\\"></line><polyline points=\\"12 5 19 12 12 19\\"></polyline>",
            }
          }
        />
      </svg>
    </a>
    <a
      className="button"
      onClick={[Function]}
    >
      <span
        className="label"
      >
        acf/eplode_bytrex
      </span>
      Found in 11 posts
      <svg
        className="feather feather-arrow-right "
        fill="none"
        height={24}
        stroke="currentColor"
        strokeLinecap="round"
        strokeLinejoin="round"
        strokeWidth="2"
        viewBox="0 0 24 24"
        width={24}
      >
        <g
          dangerouslySetInnerHTML={
            Object {
              "__html": "<line x1=\\"5\\" y1=\\"12\\" x2=\\"19\\" y2=\\"12\\"></line><polyline points=\\"12 5 19 12 12 19\\"></polyline>",
            }
          }
        />
      </svg>
    </a>
    <a
      className="button"
      onClick={[Function]}
    >
      <span
        className="label"
      >
        acf/kenegy_strozen
      </span>
      Found in 16 posts
      <svg
        className="feather feather-arrow-right "
        fill="none"
        height={24}
        stroke="currentColor"
        strokeLinecap="round"
        strokeLinejoin="round"
        strokeWidth="2"
        viewBox="0 0 24 24"
        width={24}
      >
        <g
          dangerouslySetInnerHTML={
            Object {
              "__html": "<line x1=\\"5\\" y1=\\"12\\" x2=\\"19\\" y2=\\"12\\"></line><polyline points=\\"12 5 19 12 12 19\\"></polyline>",
            }
          }
        />
      </svg>
    </a>
    <a
      className="button"
      onClick={[Function]}
    >
      <span
        className="label"
      >
        acf/netropic_equicom
      </span>
      Found in 17 posts
      <svg
        className="feather feather-arrow-right "
        fill="none"
        height={24}
        stroke="currentColor"
        strokeLinecap="round"
        strokeLinejoin="round"
        strokeWidth="2"
        viewBox="0 0 24 24"
        width={24}
      >
        <g
          dangerouslySetInnerHTML={
            Object {
              "__html": "<line x1=\\"5\\" y1=\\"12\\" x2=\\"19\\" y2=\\"12\\"></line><polyline points=\\"12 5 19 12 12 19\\"></polyline>",
            }
          }
        />
      </svg>
    </a>
    <a
      className="button"
      onClick={[Function]}
    >
      <span
        className="label"
      >
        acf/pivitol_apexia
      </span>
      Found in 10 posts
      <svg
        className="feather feather-arrow-right "
        fill="none"
        height={24}
        stroke="currentColor"
        strokeLinecap="round"
        strokeLinejoin="round"
        strokeWidth="2"
        viewBox="0 0 24 24"
        width={24}
      >
        <g
          dangerouslySetInnerHTML={
            Object {
              "__html": "<line x1=\\"5\\" y1=\\"12\\" x2=\\"19\\" y2=\\"12\\"></line><polyline points=\\"12 5 19 12 12 19\\"></polyline>",
            }
          }
        />
      </svg>
    </a>
    <a
      className="button"
      onClick={[Function]}
    >
      <span
        className="label"
      >
        cgb/corporana_geoform
      </span>
      Found in 5 posts
      <svg
        className="feather feather-arrow-right "
        fill="none"
        height={24}
        stroke="currentColor"
        strokeLinecap="round"
        strokeLinejoin="round"
        strokeWidth="2"
        viewBox="0 0 24 24"
        width={24}
      >
        <g
          dangerouslySetInnerHTML={
            Object {
              "__html": "<line x1=\\"5\\" y1=\\"12\\" x2=\\"19\\" y2=\\"12\\"></line><polyline points=\\"12 5 19 12 12 19\\"></polyline>",
            }
          }
        />
      </svg>
    </a>
    <a
      className="button"
      onClick={[Function]}
    >
      <span
        className="label"
      >
        cgb/miracula_exoblue
      </span>
      Found in 10 posts
      <svg
        className="feather feather-arrow-right "
        fill="none"
        height={24}
        stroke="currentColor"
        strokeLinecap="round"
        strokeLinejoin="round"
        strokeWidth="2"
        viewBox="0 0 24 24"
        width={24}
      >
        <g
          dangerouslySetInnerHTML={
            Object {
              "__html": "<line x1=\\"5\\" y1=\\"12\\" x2=\\"19\\" y2=\\"12\\"></line><polyline points=\\"12 5 19 12 12 19\\"></polyline>",
            }
          }
        />
      </svg>
    </a>
    <a
      className="button"
      onClick={[Function]}
    >
      <span
        className="label"
      >
        cgb/obliq_locazone
      </span>
      Found in 20 posts
      <svg
        className="feather feather-arrow-right "
        fill="none"
        height={24}
        stroke="currentColor"
        strokeLinecap="round"
        strokeLinejoin="round"
        strokeWidth="2"
        viewBox="0 0 24 24"
        width={24}
      >
        <g
          dangerouslySetInnerHTML={
            Object {
              "__html": "<line x1=\\"5\\" y1=\\"12\\" x2=\\"19\\" y2=\\"12\\"></line><polyline points=\\"12 5 19 12 12 19\\"></polyline>",
            }
          }
        />
      </svg>
    </a>
    <a
      className="button"
      onClick={[Function]}
    >
      <span
        className="label"
      >
        nba/artiq_verton
      </span>
      Found in 20 posts
      <svg
        className="feather feather-arrow-right "
        fill="none"
        height={24}
        stroke="currentColor"
        strokeLinecap="round"
        strokeLinejoin="round"
        strokeWidth="2"
        viewBox="0 0 24 24"
        width={24}
      >
        <g
          dangerouslySetInnerHTML={
            Object {
              "__html": "<line x1=\\"5\\" y1=\\"12\\" x2=\\"19\\" y2=\\"12\\"></line><polyline points=\\"12 5 19 12 12 19\\"></polyline>",
            }
          }
        />
      </svg>
    </a>
    <a
      className="button"
      onClick={[Function]}
    >
      <span
        className="label"
      >
        nba/fortean_plasto
      </span>
      Found in 10 posts
      <svg
        className="feather feather-arrow-right "
        fill="none"
        height={24}
        stroke="currentColor"
        strokeLinecap="round"
        strokeLinejoin="round"
        strokeWidth="2"
        viewBox="0 0 24 24"
        width={24}
      >
        <g
          dangerouslySetInnerHTML={
            Object {
              "__html": "<line x1=\\"5\\" y1=\\"12\\" x2=\\"19\\" y2=\\"12\\"></line><polyline points=\\"12 5 19 12 12 19\\"></polyline>",
            }
          }
        />
      </svg>
    </a>
    <a
      className="button"
      onClick={[Function]}
    >
      <span
        className="label"
      >
        nba/pearlesex_enaut
      </span>
      Found in 1 post
      <svg
        className="feather feather-arrow-right "
        fill="none"
        height={24}
        stroke="currentColor"
        strokeLinecap="round"
        strokeLinejoin="round"
        strokeWidth="2"
        viewBox="0 0 24 24"
        width={24}
      >
        <g
          dangerouslySetInnerHTML={
            Object {
              "__html": "<line x1=\\"5\\" y1=\\"12\\" x2=\\"19\\" y2=\\"12\\"></line><polyline points=\\"12 5 19 12 12 19\\"></polyline>",
            }
          }
        />
      </svg>
    </a>
    <a
      className="button"
      onClick={[Function]}
    >
      <span
        className="label"
      >
        nba/quility_kineticut
      </span>
      Found in 12 posts
      <svg
        className="feather feather-arrow-right "
        fill="none"
        height={24}
        stroke="currentColor"
        strokeLinecap="round"
        strokeLinejoin="round"
        strokeWidth="2"
        viewBox="0 0 24 24"
        width={24}
      >
        <g
          dangerouslySetInnerHTML={
            Object {
              "__html": "<line x1=\\"5\\" y1=\\"12\\" x2=\\"19\\" y2=\\"12\\"></line><polyline points=\\"12 5 19 12 12 19\\"></polyline>",
            }
          }
        />
      </svg>
    </a>
    <a
      className="button"
      onClick={[Function]}
    >
      <span
        className="label"
      >
        nba/remold_eargo
      </span>
      Found in 5 posts
      <svg
        className="feather feather-arrow-right "
        fill="none"
        height={24}
        stroke="currentColor"
        strokeLinecap="round"
        strokeLinejoin="round"
        strokeWidth="2"
        viewBox="0 0 24 24"
        width={24}
      >
        <g
          dangerouslySetInnerHTML={
            Object {
              "__html": "<line x1=\\"5\\" y1=\\"12\\" x2=\\"19\\" y2=\\"12\\"></line><polyline points=\\"12 5 19 12 12 19\\"></polyline>",
            }
          }
        />
      </svg>
    </a>
  </div>,
]
`;

exports[`sorts the order of the blocks properly 2`] = `
Array [
  <input
    className="input"
    onChange={[Function]}
    placeholder="Filter Blocks"
    type="text"
    value=""
  />,
  <div
    className="nav"
  >
    <a
      className="button"
      onClick={[Function]}
    >
      <span
        className="label"
      >
        acf/aquazure_digigen
      </span>
      Found in 5 posts
      <svg
        className="feather feather-arrow-right "
        fill="none"
        height={24}
        stroke="currentColor"
        strokeLinecap="round"
        strokeLinejoin="round"
        strokeWidth="2"
        viewBox="0 0 24 24"
        width={24}
      >
        <g
          dangerouslySetInnerHTML={
            Object {
              "__html": "<line x1=\\"5\\" y1=\\"12\\" x2=\\"19\\" y2=\\"12\\"></line><polyline points=\\"12 5 19 12 12 19\\"></polyline>",
            }
          }
        />
      </svg>
    </a>
    <a
      className="button"
      onClick={[Function]}
    >
      <span
        className="label"
      >
        acf/biohab_aquacine
      </span>
      Found in 3 posts
      <svg
        className="feather feather-arrow-right "
        fill="none"
        height={24}
        stroke="currentColor"
        strokeLinecap="round"
        strokeLinejoin="round"
        strokeWidth="2"
        viewBox="0 0 24 24"
        width={24}
      >
        <g
          dangerouslySetInnerHTML={
            Object {
              "__html": "<line x1=\\"5\\" y1=\\"12\\" x2=\\"19\\" y2=\\"12\\"></line><polyline points=\\"12 5 19 12 12 19\\"></polyline>",
            }
          }
        />
      </svg>
    </a>
    <a
      className="button"
      onClick={[Function]}
    >
      <span
        className="label"
      >
        acf/eplode_bytrex
      </span>
      Found in 11 posts
      <svg
        className="feather feather-arrow-right "
        fill="none"
        height={24}
        stroke="currentColor"
        strokeLinecap="round"
        strokeLinejoin="round"
        strokeWidth="2"
        viewBox="0 0 24 24"
        width={24}
      >
        <g
          dangerouslySetInnerHTML={
            Object {
              "__html": "<line x1=\\"5\\" y1=\\"12\\" x2=\\"19\\" y2=\\"12\\"></line><polyline points=\\"12 5 19 12 12 19\\"></polyline>",
            }
          }
        />
      </svg>
    </a>
    <a
      className="button"
      onClick={[Function]}
    >
      <span
        className="label"
      >
        acf/kenegy_strozen
      </span>
      Found in 16 posts
      <svg
        className="feather feather-arrow-right "
        fill="none"
        height={24}
        stroke="currentColor"
        strokeLinecap="round"
        strokeLinejoin="round"
        strokeWidth="2"
        viewBox="0 0 24 24"
        width={24}
      >
        <g
          dangerouslySetInnerHTML={
            Object {
              "__html": "<line x1=\\"5\\" y1=\\"12\\" x2=\\"19\\" y2=\\"12\\"></line><polyline points=\\"12 5 19 12 12 19\\"></polyline>",
            }
          }
        />
      </svg>
    </a>
    <a
      className="button"
      onClick={[Function]}
    >
      <span
        className="label"
      >
        acf/netropic_equicom
      </span>
      Found in 17 posts
      <svg
        className="feather feather-arrow-right "
        fill="none"
        height={24}
        stroke="currentColor"
        strokeLinecap="round"
        strokeLinejoin="round"
        strokeWidth="2"
        viewBox="0 0 24 24"
        width={24}
      >
        <g
          dangerouslySetInnerHTML={
            Object {
              "__html": "<line x1=\\"5\\" y1=\\"12\\" x2=\\"19\\" y2=\\"12\\"></line><polyline points=\\"12 5 19 12 12 19\\"></polyline>",
            }
          }
        />
      </svg>
    </a>
    <a
      className="button"
      onClick={[Function]}
    >
      <span
        className="label"
      >
        acf/pivitol_apexia
      </span>
      Found in 10 posts
      <svg
        className="feather feather-arrow-right "
        fill="none"
        height={24}
        stroke="currentColor"
        strokeLinecap="round"
        strokeLinejoin="round"
        strokeWidth="2"
        viewBox="0 0 24 24"
        width={24}
      >
        <g
          dangerouslySetInnerHTML={
            Object {
              "__html": "<line x1=\\"5\\" y1=\\"12\\" x2=\\"19\\" y2=\\"12\\"></line><polyline points=\\"12 5 19 12 12 19\\"></polyline>",
            }
          }
        />
      </svg>
    </a>
    <a
      className="button"
      onClick={[Function]}
    >
      <span
        className="label"
      >
        cgb/corporana_geoform
      </span>
      Found in 5 posts
      <svg
        className="feather feather-arrow-right "
        fill="none"
        height={24}
        stroke="currentColor"
        strokeLinecap="round"
        strokeLinejoin="round"
        strokeWidth="2"
        viewBox="0 0 24 24"
        width={24}
      >
        <g
          dangerouslySetInnerHTML={
            Object {
              "__html": "<line x1=\\"5\\" y1=\\"12\\" x2=\\"19\\" y2=\\"12\\"></line><polyline points=\\"12 5 19 12 12 19\\"></polyline>",
            }
          }
        />
      </svg>
    </a>
    <a
      className="button"
      onClick={[Function]}
    >
      <span
        className="label"
      >
        cgb/miracula_exoblue
      </span>
      Found in 10 posts
      <svg
        className="feather feather-arrow-right "
        fill="none"
        height={24}
        stroke="currentColor"
        strokeLinecap="round"
        strokeLinejoin="round"
        strokeWidth="2"
        viewBox="0 0 24 24"
        width={24}
      >
        <g
          dangerouslySetInnerHTML={
            Object {
              "__html": "<line x1=\\"5\\" y1=\\"12\\" x2=\\"19\\" y2=\\"12\\"></line><polyline points=\\"12 5 19 12 12 19\\"></polyline>",
            }
          }
        />
      </svg>
    </a>
    <a
      className="button"
      onClick={[Function]}
    >
      <span
        className="label"
      >
        cgb/obliq_locazone
      </span>
      Found in 20 posts
      <svg
        className="feather feather-arrow-right "
        fill="none"
        height={24}
        stroke="currentColor"
        strokeLinecap="round"
        strokeLinejoin="round"
        strokeWidth="2"
        viewBox="0 0 24 24"
        width={24}
      >
        <g
          dangerouslySetInnerHTML={
            Object {
              "__html": "<line x1=\\"5\\" y1=\\"12\\" x2=\\"19\\" y2=\\"12\\"></line><polyline points=\\"12 5 19 12 12 19\\"></polyline>",
            }
          }
        />
      </svg>
    </a>
    <a
      className="button"
      onClick={[Function]}
    >
      <span
        className="label"
      >
        nba/artiq_verton
      </span>
      Found in 20 posts
      <svg
        className="feather feather-arrow-right "
        fill="none"
        height={24}
        stroke="currentColor"
        strokeLinecap="round"
        strokeLinejoin="round"
        strokeWidth="2"
        viewBox="0 0 24 24"
        width={24}
      >
        <g
          dangerouslySetInnerHTML={
            Object {
              "__html": "<line x1=\\"5\\" y1=\\"12\\" x2=\\"19\\" y2=\\"12\\"></line><polyline points=\\"12 5 19 12 12 19\\"></polyline>",
            }
          }
        />
      </svg>
    </a>
    <a
      className="button"
      onClick={[Function]}
    >
      <span
        className="label"
      >
        nba/fortean_plasto
      </span>
      Found in 10 posts
      <svg
        className="feather feather-arrow-right "
        fill="none"
        height={24}
        stroke="currentColor"
        strokeLinecap="round"
        strokeLinejoin="round"
        strokeWidth="2"
        viewBox="0 0 24 24"
        width={24}
      >
        <g
          dangerouslySetInnerHTML={
            Object {
              "__html": "<line x1=\\"5\\" y1=\\"12\\" x2=\\"19\\" y2=\\"12\\"></line><polyline points=\\"12 5 19 12 12 19\\"></polyline>",
            }
          }
        />
      </svg>
    </a>
    <a
      className="button"
      onClick={[Function]}
    >
      <span
        className="label"
      >
        nba/pearlesex_enaut
      </span>
      Found in 1 post
      <svg
        className="feather feather-arrow-right "
        fill="none"
        height={24}
        stroke="currentColor"
        strokeLinecap="round"
        strokeLinejoin="round"
        strokeWidth="2"
        viewBox="0 0 24 24"
        width={24}
      >
        <g
          dangerouslySetInnerHTML={
            Object {
              "__html": "<line x1=\\"5\\" y1=\\"12\\" x2=\\"19\\" y2=\\"12\\"></line><polyline points=\\"12 5 19 12 12 19\\"></polyline>",
            }
          }
        />
      </svg>
    </a>
    <a
      className="button"
      onClick={[Function]}
    >
      <span
        className="label"
      >
        nba/quility_kineticut
      </span>
      Found in 12 posts
      <svg
        className="feather feather-arrow-right "
        fill="none"
        height={24}
        stroke="currentColor"
        strokeLinecap="round"
        strokeLinejoin="round"
        strokeWidth="2"
        viewBox="0 0 24 24"
        width={24}
      >
        <g
          dangerouslySetInnerHTML={
            Object {
              "__html": "<line x1=\\"5\\" y1=\\"12\\" x2=\\"19\\" y2=\\"12\\"></line><polyline points=\\"12 5 19 12 12 19\\"></polyline>",
            }
          }
        />
      </svg>
    </a>
    <a
      className="button"
      onClick={[Function]}
    >
      <span
        className="label"
      >
        nba/remold_eargo
      </span>
      Found in 5 posts
      <svg
        className="feather feather-arrow-right "
        fill="none"
        height={24}
        stroke="currentColor"
        strokeLinecap="round"
        strokeLinejoin="round"
        strokeWidth="2"
        viewBox="0 0 24 24"
        width={24}
      >
        <g
          dangerouslySetInnerHTML={
            Object {
              "__html": "<line x1=\\"5\\" y1=\\"12\\" x2=\\"19\\" y2=\\"12\\"></line><polyline points=\\"12 5 19 12 12 19\\"></polyline>",
            }
          }
        />
      </svg>
    </a>
  </div>,
]
`;

exports[`sorts the order of the blocks properly 3`] = `
Array [
  <input
    className="input"
    onChange={[Function]}
    placeholder="Filter Blocks"
    type="text"
    value=""
  />,
  <div
    className="nav"
  >
    <a
      className="button"
      onClick={[Function]}
    >
      <span
        className="label"
      >
        nba/remold_eargo
      </span>
      Found in 5 posts
      <svg
        className="feather feather-arrow-right "
        fill="none"
        height={24}
        stroke="currentColor"
        strokeLinecap="round"
        strokeLinejoin="round"
        strokeWidth="2"
        viewBox="0 0 24 24"
        width={24}
      >
        <g
          dangerouslySetInnerHTML={
            Object {
              "__html": "<line x1=\\"5\\" y1=\\"12\\" x2=\\"19\\" y2=\\"12\\"></line><polyline points=\\"12 5 19 12 12 19\\"></polyline>",
            }
          }
        />
      </svg>
    </a>
    <a
      className="button"
      onClick={[Function]}
    >
      <span
        className="label"
      >
        nba/quility_kineticut
      </span>
      Found in 12 posts
      <svg
        className="feather feather-arrow-right "
        fill="none"
        height={24}
        stroke="currentColor"
        strokeLinecap="round"
        strokeLinejoin="round"
        strokeWidth="2"
        viewBox="0 0 24 24"
        width={24}
      >
        <g
          dangerouslySetInnerHTML={
            Object {
              "__html": "<line x1=\\"5\\" y1=\\"12\\" x2=\\"19\\" y2=\\"12\\"></line><polyline points=\\"12 5 19 12 12 19\\"></polyline>",
            }
          }
        />
      </svg>
    </a>
    <a
      className="button"
      onClick={[Function]}
    >
      <span
        className="label"
      >
        nba/pearlesex_enaut
      </span>
      Found in 1 post
      <svg
        className="feather feather-arrow-right "
        fill="none"
        height={24}
        stroke="currentColor"
        strokeLinecap="round"
        strokeLinejoin="round"
        strokeWidth="2"
        viewBox="0 0 24 24"
        width={24}
      >
        <g
          dangerouslySetInnerHTML={
            Object {
              "__html": "<line x1=\\"5\\" y1=\\"12\\" x2=\\"19\\" y2=\\"12\\"></line><polyline points=\\"12 5 19 12 12 19\\"></polyline>",
            }
          }
        />
      </svg>
    </a>
    <a
      className="button"
      onClick={[Function]}
    >
      <span
        className="label"
      >
        nba/fortean_plasto
      </span>
      Found in 10 posts
      <svg
        className="feather feather-arrow-right "
        fill="none"
        height={24}
        stroke="currentColor"
        strokeLinecap="round"
        strokeLinejoin="round"
        strokeWidth="2"
        viewBox="0 0 24 24"
        width={24}
      >
        <g
          dangerouslySetInnerHTML={
            Object {
              "__html": "<line x1=\\"5\\" y1=\\"12\\" x2=\\"19\\" y2=\\"12\\"></line><polyline points=\\"12 5 19 12 12 19\\"></polyline>",
            }
          }
        />
      </svg>
    </a>
    <a
      className="button"
      onClick={[Function]}
    >
      <span
        className="label"
      >
        nba/artiq_verton
      </span>
      Found in 20 posts
      <svg
        className="feather feather-arrow-right "
        fill="none"
        height={24}
        stroke="currentColor"
        strokeLinecap="round"
        strokeLinejoin="round"
        strokeWidth="2"
        viewBox="0 0 24 24"
        width={24}
      >
        <g
          dangerouslySetInnerHTML={
            Object {
              "__html": "<line x1=\\"5\\" y1=\\"12\\" x2=\\"19\\" y2=\\"12\\"></line><polyline points=\\"12 5 19 12 12 19\\"></polyline>",
            }
          }
        />
      </svg>
    </a>
    <a
      className="button"
      onClick={[Function]}
    >
      <span
        className="label"
      >
        cgb/obliq_locazone
      </span>
      Found in 20 posts
      <svg
        className="feather feather-arrow-right "
        fill="none"
        height={24}
        stroke="currentColor"
        strokeLinecap="round"
        strokeLinejoin="round"
        strokeWidth="2"
        viewBox="0 0 24 24"
        width={24}
      >
        <g
          dangerouslySetInnerHTML={
            Object {
              "__html": "<line x1=\\"5\\" y1=\\"12\\" x2=\\"19\\" y2=\\"12\\"></line><polyline points=\\"12 5 19 12 12 19\\"></polyline>",
            }
          }
        />
      </svg>
    </a>
    <a
      className="button"
      onClick={[Function]}
    >
      <span
        className="label"
      >
        cgb/miracula_exoblue
      </span>
      Found in 10 posts
      <svg
        className="feather feather-arrow-right "
        fill="none"
        height={24}
        stroke="currentColor"
        strokeLinecap="round"
        strokeLinejoin="round"
        strokeWidth="2"
        viewBox="0 0 24 24"
        width={24}
      >
        <g
          dangerouslySetInnerHTML={
            Object {
              "__html": "<line x1=\\"5\\" y1=\\"12\\" x2=\\"19\\" y2=\\"12\\"></line><polyline points=\\"12 5 19 12 12 19\\"></polyline>",
            }
          }
        />
      </svg>
    </a>
    <a
      className="button"
      onClick={[Function]}
    >
      <span
        className="label"
      >
        cgb/corporana_geoform
      </span>
      Found in 5 posts
      <svg
        className="feather feather-arrow-right "
        fill="none"
        height={24}
        stroke="currentColor"
        strokeLinecap="round"
        strokeLinejoin="round"
        strokeWidth="2"
        viewBox="0 0 24 24"
        width={24}
      >
        <g
          dangerouslySetInnerHTML={
            Object {
              "__html": "<line x1=\\"5\\" y1=\\"12\\" x2=\\"19\\" y2=\\"12\\"></line><polyline points=\\"12 5 19 12 12 19\\"></polyline>",
            }
          }
        />
      </svg>
    </a>
    <a
      className="button"
      onClick={[Function]}
    >
      <span
        className="label"
      >
        acf/pivitol_apexia
      </span>
      Found in 10 posts
      <svg
        className="feather feather-arrow-right "
        fill="none"
        height={24}
        stroke="currentColor"
        strokeLinecap="round"
        strokeLinejoin="round"
        strokeWidth="2"
        viewBox="0 0 24 24"
        width={24}
      >
        <g
          dangerouslySetInnerHTML={
            Object {
              "__html": "<line x1=\\"5\\" y1=\\"12\\" x2=\\"19\\" y2=\\"12\\"></line><polyline points=\\"12 5 19 12 12 19\\"></polyline>",
            }
          }
        />
      </svg>
    </a>
    <a
      className="button"
      onClick={[Function]}
    >
      <span
        className="label"
      >
        acf/netropic_equicom
      </span>
      Found in 17 posts
      <svg
        className="feather feather-arrow-right "
        fill="none"
        height={24}
        stroke="currentColor"
        strokeLinecap="round"
        strokeLinejoin="round"
        strokeWidth="2"
        viewBox="0 0 24 24"
        width={24}
      >
        <g
          dangerouslySetInnerHTML={
            Object {
              "__html": "<line x1=\\"5\\" y1=\\"12\\" x2=\\"19\\" y2=\\"12\\"></line><polyline points=\\"12 5 19 12 12 19\\"></polyline>",
            }
          }
        />
      </svg>
    </a>
    <a
      className="button"
      onClick={[Function]}
    >
      <span
        className="label"
      >
        acf/kenegy_strozen
      </span>
      Found in 16 posts
      <svg
        className="feather feather-arrow-right "
        fill="none"
        height={24}
        stroke="currentColor"
        strokeLinecap="round"
        strokeLinejoin="round"
        strokeWidth="2"
        viewBox="0 0 24 24"
        width={24}
      >
        <g
          dangerouslySetInnerHTML={
            Object {
              "__html": "<line x1=\\"5\\" y1=\\"12\\" x2=\\"19\\" y2=\\"12\\"></line><polyline points=\\"12 5 19 12 12 19\\"></polyline>",
            }
          }
        />
      </svg>
    </a>
    <a
      className="button"
      onClick={[Function]}
    >
      <span
        className="label"
      >
        acf/eplode_bytrex
      </span>
      Found in 11 posts
      <svg
        className="feather feather-arrow-right "
        fill="none"
        height={24}
        stroke="currentColor"
        strokeLinecap="round"
        strokeLinejoin="round"
        strokeWidth="2"
        viewBox="0 0 24 24"
        width={24}
      >
        <g
          dangerouslySetInnerHTML={
            Object {
              "__html": "<line x1=\\"5\\" y1=\\"12\\" x2=\\"19\\" y2=\\"12\\"></line><polyline points=\\"12 5 19 12 12 19\\"></polyline>",
            }
          }
        />
      </svg>
    </a>
    <a
      className="button"
      onClick={[Function]}
    >
      <span
        className="label"
      >
        acf/biohab_aquacine
      </span>
      Found in 3 posts
      <svg
        className="feather feather-arrow-right "
        fill="none"
        height={24}
        stroke="currentColor"
        strokeLinecap="round"
        strokeLinejoin="round"
        strokeWidth="2"
        viewBox="0 0 24 24"
        width={24}
      >
        <g
          dangerouslySetInnerHTML={
            Object {
              "__html": "<line x1=\\"5\\" y1=\\"12\\" x2=\\"19\\" y2=\\"12\\"></line><polyline points=\\"12 5 19 12 12 19\\"></polyline>",
            }
          }
        />
      </svg>
    </a>
    <a
      className="button"
      onClick={[Function]}
    >
      <span
        className="label"
      >
        acf/aquazure_digigen
      </span>
      Found in 5 posts
      <svg
        className="feather feather-arrow-right "
        fill="none"
        height={24}
        stroke="currentColor"
        strokeLinecap="round"
        strokeLinejoin="round"
        strokeWidth="2"
        viewBox="0 0 24 24"
        width={24}
      >
        <g
          dangerouslySetInnerHTML={
            Object {
              "__html": "<line x1=\\"5\\" y1=\\"12\\" x2=\\"19\\" y2=\\"12\\"></line><polyline points=\\"12 5 19 12 12 19\\"></polyline>",
            }
          }
        />
      </svg>
    </a>
  </div>,
]
`;

exports[`sorts the order of the blocks properly 4`] = `
Array [
  <input
    className="input"
    onChange={[Function]}
    placeholder="Filter Blocks"
    type="text"
    value=""
  />,
  <div
    className="nav"
  >
    <a
      className="button"
      onClick={[Function]}
    >
      <span
        className="label"
      >
        nba/artiq_verton
      </span>
      Found in 20 posts
      <svg
        className="feather feather-arrow-right "
        fill="none"
        height={24}
        stroke="currentColor"
        strokeLinecap="round"
        strokeLinejoin="round"
        strokeWidth="2"
        viewBox="0 0 24 24"
        width={24}
      >
        <g
          dangerouslySetInnerHTML={
            Object {
              "__html": "<line x1=\\"5\\" y1=\\"12\\" x2=\\"19\\" y2=\\"12\\"></line><polyline points=\\"12 5 19 12 12 19\\"></polyline>",
            }
          }
        />
      </svg>
    </a>
    <a
      className="button"
      onClick={[Function]}
    >
      <span
        className="label"
      >
        cgb/obliq_locazone
      </span>
      Found in 20 posts
      <svg
        className="feather feather-arrow-right "
        fill="none"
        height={24}
        stroke="currentColor"
        strokeLinecap="round"
        strokeLinejoin="round"
        strokeWidth="2"
        viewBox="0 0 24 24"
        width={24}
      >
        <g
          dangerouslySetInnerHTML={
            Object {
              "__html": "<line x1=\\"5\\" y1=\\"12\\" x2=\\"19\\" y2=\\"12\\"></line><polyline points=\\"12 5 19 12 12 19\\"></polyline>",
            }
          }
        />
      </svg>
    </a>
    <a
      className="button"
      onClick={[Function]}
    >
      <span
        className="label"
      >
        acf/netropic_equicom
      </span>
      Found in 17 posts
      <svg
        className="feather feather-arrow-right "
        fill="none"
        height={24}
        stroke="currentColor"
        strokeLinecap="round"
        strokeLinejoin="round"
        strokeWidth="2"
        viewBox="0 0 24 24"
        width={24}
      >
        <g
          dangerouslySetInnerHTML={
            Object {
              "__html": "<line x1=\\"5\\" y1=\\"12\\" x2=\\"19\\" y2=\\"12\\"></line><polyline points=\\"12 5 19 12 12 19\\"></polyline>",
            }
          }
        />
      </svg>
    </a>
    <a
      className="button"
      onClick={[Function]}
    >
      <span
        className="label"
      >
        acf/kenegy_strozen
      </span>
      Found in 16 posts
      <svg
        className="feather feather-arrow-right "
        fill="none"
        height={24}
        stroke="currentColor"
        strokeLinecap="round"
        strokeLinejoin="round"
        strokeWidth="2"
        viewBox="0 0 24 24"
        width={24}
      >
        <g
          dangerouslySetInnerHTML={
            Object {
              "__html": "<line x1=\\"5\\" y1=\\"12\\" x2=\\"19\\" y2=\\"12\\"></line><polyline points=\\"12 5 19 12 12 19\\"></polyline>",
            }
          }
        />
      </svg>
    </a>
    <a
      className="button"
      onClick={[Function]}
    >
      <span
        className="label"
      >
        nba/quility_kineticut
      </span>
      Found in 12 posts
      <svg
        className="feather feather-arrow-right "
        fill="none"
        height={24}
        stroke="currentColor"
        strokeLinecap="round"
        strokeLinejoin="round"
        strokeWidth="2"
        viewBox="0 0 24 24"
        width={24}
      >
        <g
          dangerouslySetInnerHTML={
            Object {
              "__html": "<line x1=\\"5\\" y1=\\"12\\" x2=\\"19\\" y2=\\"12\\"></line><polyline points=\\"12 5 19 12 12 19\\"></polyline>",
            }
          }
        />
      </svg>
    </a>
    <a
      className="button"
      onClick={[Function]}
    >
      <span
        className="label"
      >
        acf/eplode_bytrex
      </span>
      Found in 11 posts
      <svg
        className="feather feather-arrow-right "
        fill="none"
        height={24}
        stroke="currentColor"
        strokeLinecap="round"
        strokeLinejoin="round"
        strokeWidth="2"
        viewBox="0 0 24 24"
        width={24}
      >
        <g
          dangerouslySetInnerHTML={
            Object {
              "__html": "<line x1=\\"5\\" y1=\\"12\\" x2=\\"19\\" y2=\\"12\\"></line><polyline points=\\"12 5 19 12 12 19\\"></polyline>",
            }
          }
        />
      </svg>
    </a>
    <a
      className="button"
      onClick={[Function]}
    >
      <span
        className="label"
      >
        cgb/miracula_exoblue
      </span>
      Found in 10 posts
      <svg
        className="feather feather-arrow-right "
        fill="none"
        height={24}
        stroke="currentColor"
        strokeLinecap="round"
        strokeLinejoin="round"
        strokeWidth="2"
        viewBox="0 0 24 24"
        width={24}
      >
        <g
          dangerouslySetInnerHTML={
            Object {
              "__html": "<line x1=\\"5\\" y1=\\"12\\" x2=\\"19\\" y2=\\"12\\"></line><polyline points=\\"12 5 19 12 12 19\\"></polyline>",
            }
          }
        />
      </svg>
    </a>
    <a
      className="button"
      onClick={[Function]}
    >
      <span
        className="label"
      >
        acf/pivitol_apexia
      </span>
      Found in 10 posts
      <svg
        className="feather feather-arrow-right "
        fill="none"
        height={24}
        stroke="currentColor"
        strokeLinecap="round"
        strokeLinejoin="round"
        strokeWidth="2"
        viewBox="0 0 24 24"
        width={24}
      >
        <g
          dangerouslySetInnerHTML={
            Object {
              "__html": "<line x1=\\"5\\" y1=\\"12\\" x2=\\"19\\" y2=\\"12\\"></line><polyline points=\\"12 5 19 12 12 19\\"></polyline>",
            }
          }
        />
      </svg>
    </a>
    <a
      className="button"
      onClick={[Function]}
    >
      <span
        className="label"
      >
        nba/fortean_plasto
      </span>
      Found in 10 posts
      <svg
        className="feather feather-arrow-right "
        fill="none"
        height={24}
        stroke="currentColor"
        strokeLinecap="round"
        strokeLinejoin="round"
        strokeWidth="2"
        viewBox="0 0 24 24"
        width={24}
      >
        <g
          dangerouslySetInnerHTML={
            Object {
              "__html": "<line x1=\\"5\\" y1=\\"12\\" x2=\\"19\\" y2=\\"12\\"></line><polyline points=\\"12 5 19 12 12 19\\"></polyline>",
            }
          }
        />
      </svg>
    </a>
    <a
      className="button"
      onClick={[Function]}
    >
      <span
        className="label"
      >
        nba/remold_eargo
      </span>
      Found in 5 posts
      <svg
        className="feather feather-arrow-right "
        fill="none"
        height={24}
        stroke="currentColor"
        strokeLinecap="round"
        strokeLinejoin="round"
        strokeWidth="2"
        viewBox="0 0 24 24"
        width={24}
      >
        <g
          dangerouslySetInnerHTML={
            Object {
              "__html": "<line x1=\\"5\\" y1=\\"12\\" x2=\\"19\\" y2=\\"12\\"></line><polyline points=\\"12 5 19 12 12 19\\"></polyline>",
            }
          }
        />
      </svg>
    </a>
    <a
      className="button"
      onClick={[Function]}
    >
      <span
        className="label"
      >
        acf/aquazure_digigen
      </span>
      Found in 5 posts
      <svg
        className="feather feather-arrow-right "
        fill="none"
        height={24}
        stroke="currentColor"
        strokeLinecap="round"
        strokeLinejoin="round"
        strokeWidth="2"
        viewBox="0 0 24 24"
        width={24}
      >
        <g
          dangerouslySetInnerHTML={
            Object {
              "__html": "<line x1=\\"5\\" y1=\\"12\\" x2=\\"19\\" y2=\\"12\\"></line><polyline points=\\"12 5 19 12 12 19\\"></polyline>",
            }
          }
        />
      </svg>
    </a>
    <a
      className="button"
      onClick={[Function]}
    >
      <span
        className="label"
      >
        cgb/corporana_geoform
      </span>
      Found in 5 posts
      <svg
        className="feather feather-arrow-right "
        fill="none"
        height={24}
        stroke="currentColor"
        strokeLinecap="round"
        strokeLinejoin="round"
        strokeWidth="2"
        viewBox="0 0 24 24"
        width={24}
      >
        <g
          dangerouslySetInnerHTML={
            Object {
              "__html": "<line x1=\\"5\\" y1=\\"12\\" x2=\\"19\\" y2=\\"12\\"></line><polyline points=\\"12 5 19 12 12 19\\"></polyline>",
            }
          }
        />
      </svg>
    </a>
    <a
      className="button"
      onClick={[Function]}
    >
      <span
        className="label"
      >
        acf/biohab_aquacine
      </span>
      Found in 3 posts
      <svg
        className="feather feather-arrow-right "
        fill="none"
        height={24}
        stroke="currentColor"
        strokeLinecap="round"
        strokeLinejoin="round"
        strokeWidth="2"
        viewBox="0 0 24 24"
        width={24}
      >
        <g
          dangerouslySetInnerHTML={
            Object {
              "__html": "<line x1=\\"5\\" y1=\\"12\\" x2=\\"19\\" y2=\\"12\\"></line><polyline points=\\"12 5 19 12 12 19\\"></polyline>",
            }
          }
        />
      </svg>
    </a>
    <a
      className="button"
      onClick={[Function]}
    >
      <span
        className="label"
      >
        nba/pearlesex_enaut
      </span>
      Found in 1 post
      <svg
        className="feather feather-arrow-right "
        fill="none"
        height={24}
        stroke="currentColor"
        strokeLinecap="round"
        strokeLinejoin="round"
        strokeWidth="2"
        viewBox="0 0 24 24"
        width={24}
      >
        <g
          dangerouslySetInnerHTML={
            Object {
              "__html": "<line x1=\\"5\\" y1=\\"12\\" x2=\\"19\\" y2=\\"12\\"></line><polyline points=\\"12 5 19 12 12 19\\"></polyline>",
            }
          }
        />
      </svg>
    </a>
  </div>,
]
`;

exports[`sorts the order of the blocks properly 5`] = `
Array [
  <input
    className="input"
    onChange={[Function]}
    placeholder="Filter Blocks"
    type="text"
    value=""
  />,
  <div
    className="nav"
  >
    <a
      className="button"
      onClick={[Function]}
    >
      <span
        className="label"
      >
        nba/pearlesex_enaut
      </span>
      Found in 1 post
      <svg
        className="feather feather-arrow-right "
        fill="none"
        height={24}
        stroke="currentColor"
        strokeLinecap="round"
        strokeLinejoin="round"
        strokeWidth="2"
        viewBox="0 0 24 24"
        width={24}
      >
        <g
          dangerouslySetInnerHTML={
            Object {
              "__html": "<line x1=\\"5\\" y1=\\"12\\" x2=\\"19\\" y2=\\"12\\"></line><polyline points=\\"12 5 19 12 12 19\\"></polyline>",
            }
          }
        />
      </svg>
    </a>
    <a
      className="button"
      onClick={[Function]}
    >
      <span
        className="label"
      >
        acf/biohab_aquacine
      </span>
      Found in 3 posts
      <svg
        className="feather feather-arrow-right "
        fill="none"
        height={24}
        stroke="currentColor"
        strokeLinecap="round"
        strokeLinejoin="round"
        strokeWidth="2"
        viewBox="0 0 24 24"
        width={24}
      >
        <g
          dangerouslySetInnerHTML={
            Object {
              "__html": "<line x1=\\"5\\" y1=\\"12\\" x2=\\"19\\" y2=\\"12\\"></line><polyline points=\\"12 5 19 12 12 19\\"></polyline>",
            }
          }
        />
      </svg>
    </a>
    <a
      className="button"
      onClick={[Function]}
    >
      <span
        className="label"
      >
        cgb/corporana_geoform
      </span>
      Found in 5 posts
      <svg
        className="feather feather-arrow-right "
        fill="none"
        height={24}
        stroke="currentColor"
        strokeLinecap="round"
        strokeLinejoin="round"
        strokeWidth="2"
        viewBox="0 0 24 24"
        width={24}
      >
        <g
          dangerouslySetInnerHTML={
            Object {
              "__html": "<line x1=\\"5\\" y1=\\"12\\" x2=\\"19\\" y2=\\"12\\"></line><polyline points=\\"12 5 19 12 12 19\\"></polyline>",
            }
          }
        />
      </svg>
    </a>
    <a
      className="button"
      onClick={[Function]}
    >
      <span
        className="label"
      >
        acf/aquazure_digigen
      </span>
      Found in 5 posts
      <svg
        className="feather feather-arrow-right "
        fill="none"
        height={24}
        stroke="currentColor"
        strokeLinecap="round"
        strokeLinejoin="round"
        strokeWidth="2"
        viewBox="0 0 24 24"
        width={24}
      >
        <g
          dangerouslySetInnerHTML={
            Object {
              "__html": "<line x1=\\"5\\" y1=\\"12\\" x2=\\"19\\" y2=\\"12\\"></line><polyline points=\\"12 5 19 12 12 19\\"></polyline>",
            }
          }
        />
      </svg>
    </a>
    <a
      className="button"
      onClick={[Function]}
    >
      <span
        className="label"
      >
        nba/remold_eargo
      </span>
      Found in 5 posts
      <svg
        className="feather feather-arrow-right "
        fill="none"
        height={24}
        stroke="currentColor"
        strokeLinecap="round"
        strokeLinejoin="round"
        strokeWidth="2"
        viewBox="0 0 24 24"
        width={24}
      >
        <g
          dangerouslySetInnerHTML={
            Object {
              "__html": "<line x1=\\"5\\" y1=\\"12\\" x2=\\"19\\" y2=\\"12\\"></line><polyline points=\\"12 5 19 12 12 19\\"></polyline>",
            }
          }
        />
      </svg>
    </a>
    <a
      className="button"
      onClick={[Function]}
    >
      <span
        className="label"
      >
        nba/fortean_plasto
      </span>
      Found in 10 posts
      <svg
        className="feather feather-arrow-right "
        fill="none"
        height={24}
        stroke="currentColor"
        strokeLinecap="round"
        strokeLinejoin="round"
        strokeWidth="2"
        viewBox="0 0 24 24"
        width={24}
      >
        <g
          dangerouslySetInnerHTML={
            Object {
              "__html": "<line x1=\\"5\\" y1=\\"12\\" x2=\\"19\\" y2=\\"12\\"></line><polyline points=\\"12 5 19 12 12 19\\"></polyline>",
            }
          }
        />
      </svg>
    </a>
    <a
      className="button"
      onClick={[Function]}
    >
      <span
        className="label"
      >
        cgb/miracula_exoblue
      </span>
      Found in 10 posts
      <svg
        className="feather feather-arrow-right "
        fill="none"
        height={24}
        stroke="currentColor"
        strokeLinecap="round"
        strokeLinejoin="round"
        strokeWidth="2"
        viewBox="0 0 24 24"
        width={24}
      >
        <g
          dangerouslySetInnerHTML={
            Object {
              "__html": "<line x1=\\"5\\" y1=\\"12\\" x2=\\"19\\" y2=\\"12\\"></line><polyline points=\\"12 5 19 12 12 19\\"></polyline>",
            }
          }
        />
      </svg>
    </a>
    <a
      className="button"
      onClick={[Function]}
    >
      <span
        className="label"
      >
        acf/pivitol_apexia
      </span>
      Found in 10 posts
      <svg
        className="feather feather-arrow-right "
        fill="none"
        height={24}
        stroke="currentColor"
        strokeLinecap="round"
        strokeLinejoin="round"
        strokeWidth="2"
        viewBox="0 0 24 24"
        width={24}
      >
        <g
          dangerouslySetInnerHTML={
            Object {
              "__html": "<line x1=\\"5\\" y1=\\"12\\" x2=\\"19\\" y2=\\"12\\"></line><polyline points=\\"12 5 19 12 12 19\\"></polyline>",
            }
          }
        />
      </svg>
    </a>
    <a
      className="button"
      onClick={[Function]}
    >
      <span
        className="label"
      >
        acf/eplode_bytrex
      </span>
      Found in 11 posts
      <svg
        className="feather feather-arrow-right "
        fill="none"
        height={24}
        stroke="currentColor"
        strokeLinecap="round"
        strokeLinejoin="round"
        strokeWidth="2"
        viewBox="0 0 24 24"
        width={24}
      >
        <g
          dangerouslySetInnerHTML={
            Object {
              "__html": "<line x1=\\"5\\" y1=\\"12\\" x2=\\"19\\" y2=\\"12\\"></line><polyline points=\\"12 5 19 12 12 19\\"></polyline>",
            }
          }
        />
      </svg>
    </a>
    <a
      className="button"
      onClick={[Function]}
    >
      <span
        className="label"
      >
        nba/quility_kineticut
      </span>
      Found in 12 posts
      <svg
        className="feather feather-arrow-right "
        fill="none"
        height={24}
        stroke="currentColor"
        strokeLinecap="round"
        strokeLinejoin="round"
        strokeWidth="2"
        viewBox="0 0 24 24"
        width={24}
      >
        <g
          dangerouslySetInnerHTML={
            Object {
              "__html": "<line x1=\\"5\\" y1=\\"12\\" x2=\\"19\\" y2=\\"12\\"></line><polyline points=\\"12 5 19 12 12 19\\"></polyline>",
            }
          }
        />
      </svg>
    </a>
    <a
      className="button"
      onClick={[Function]}
    >
      <span
        className="label"
      >
        acf/kenegy_strozen
      </span>
      Found in 16 posts
      <svg
        className="feather feather-arrow-right "
        fill="none"
        height={24}
        stroke="currentColor"
        strokeLinecap="round"
        strokeLinejoin="round"
        strokeWidth="2"
        viewBox="0 0 24 24"
        width={24}
      >
        <g
          dangerouslySetInnerHTML={
            Object {
              "__html": "<line x1=\\"5\\" y1=\\"12\\" x2=\\"19\\" y2=\\"12\\"></line><polyline points=\\"12 5 19 12 12 19\\"></polyline>",
            }
          }
        />
      </svg>
    </a>
    <a
      className="button"
      onClick={[Function]}
    >
      <span
        className="label"
      >
        acf/netropic_equicom
      </span>
      Found in 17 posts
      <svg
        className="feather feather-arrow-right "
        fill="none"
        height={24}
        stroke="currentColor"
        strokeLinecap="round"
        strokeLinejoin="round"
        strokeWidth="2"
        viewBox="0 0 24 24"
        width={24}
      >
        <g
          dangerouslySetInnerHTML={
            Object {
              "__html": "<line x1=\\"5\\" y1=\\"12\\" x2=\\"19\\" y2=\\"12\\"></line><polyline points=\\"12 5 19 12 12 19\\"></polyline>",
            }
          }
        />
      </svg>
    </a>
    <a
      className="button"
      onClick={[Function]}
    >
      <span
        className="label"
      >
        cgb/obliq_locazone
      </span>
      Found in 20 posts
      <svg
        className="feather feather-arrow-right "
        fill="none"
        height={24}
        stroke="currentColor"
        strokeLinecap="round"
        strokeLinejoin="round"
        strokeWidth="2"
        viewBox="0 0 24 24"
        width={24}
      >
        <g
          dangerouslySetInnerHTML={
            Object {
              "__html": "<line x1=\\"5\\" y1=\\"12\\" x2=\\"19\\" y2=\\"12\\"></line><polyline points=\\"12 5 19 12 12 19\\"></polyline>",
            }
          }
        />
      </svg>
    </a>
    <a
      className="button"
      onClick={[Function]}
    >
      <span
        className="label"
      >
        nba/artiq_verton
      </span>
      Found in 20 posts
      <svg
        className="feather feather-arrow-right "
        fill="none"
        height={24}
        stroke="currentColor"
        strokeLinecap="round"
        strokeLinejoin="round"
        strokeWidth="2"
        viewBox="0 0 24 24"
        width={24}
      >
        <g
          dangerouslySetInnerHTML={
            Object {
              "__html": "<line x1=\\"5\\" y1=\\"12\\" x2=\\"19\\" y2=\\"12\\"></line><polyline points=\\"12 5 19 12 12 19\\"></polyline>",
            }
          }
        />
      </svg>
    </a>
  </div>,
]
`;
