// Jest Snapshot v1, https://goo.gl/fbAQLP

exports[`Logo component should render blank if no version is found 1`] = `null`;

exports[`Logo component should render correctly 1`] = `
<svg
  fill="#FF4B3E"
  style={
    Object {
      "height": undefined,
      "width": undefined,
    }
  }
  viewBox="0 0 0 0"
  xmlns="http://www.w3.org/2000/svg"
>
  &lt;path /&gt;
</svg>
`;
